../Core/Src/menu_cargaActiva.c:81:6:start_menu	8	static
../Core/Src/menu_cargaActiva.c:90:6:check_menu	8	static
../Core/Src/menu_cargaActiva.c:98:6:init_menuPrincipal	8	static
../Core/Src/menu_cargaActiva.c:110:6:init_menuCorriente	8	static
../Core/Src/menu_cargaActiva.c:122:6:init_menuPotencia	8	static
../Core/Src/menu_cargaActiva.c:136:6:init_medicionCorriente	8	static
../Core/Src/menu_cargaActiva.c:148:6:init_medicionPotencia	8	static
../Core/Src/menu_cargaActiva.c:163:6:acc_menuPrincipal	8	static
../Core/Src/menu_cargaActiva.c:203:6:acc_menuCorriente	8	static
../Core/Src/menu_cargaActiva.c:303:6:acc_menuPotencia	8	static
../Core/Src/menu_cargaActiva.c:403:6:acc_medicionCorriente	8	static
../Core/Src/menu_cargaActiva.c:418:6:acc_medicionPotencia	8	static
