../Core/Src/menu_cargaActiva.c:45:6:start_menu	8	static
../Core/Src/menu_cargaActiva.c:52:6:check_menu	8	static
../Core/Src/menu_cargaActiva.c:60:6:init_menuPrincipal	4	static
../Core/Src/menu_cargaActiva.c:65:6:init_menuCorriente	4	static
../Core/Src/menu_cargaActiva.c:70:6:init_menuPotencia	4	static
../Core/Src/menu_cargaActiva.c:75:6:init_medicionCorriente	4	static
../Core/Src/menu_cargaActiva.c:80:6:init_medicionPotencia	4	static
../Core/Src/menu_cargaActiva.c:88:6:acc_menuPrincipal	4	static
../Core/Src/menu_cargaActiva.c:93:6:acc_menuCorriente	4	static
../Core/Src/menu_cargaActiva.c:98:6:acc_menuPotencia	4	static
../Core/Src/menu_cargaActiva.c:103:6:acc_medicionCorriente	4	static
../Core/Src/menu_cargaActiva.c:108:6:acc_medicionPotencia	4	static
